Copyright 1986-2022 Xilinx, Inc. All Rights Reserved. Copyright 2022-2025 Advanced Micro Devices, Inc. All Rights Reserved.
---------------------------------------------------------------------------------------------------------------------------------------------
| Tool Version : Vivado v.2025.1 (win64) Build 6140274 Thu May 22 00:12:29 MDT 2025
| Date         : Wed Dec 10 22:23:25 2025
| Host         : macreat running 64-bit major release  (build 9200)
| Command      : report_control_sets -verbose -file top_control_sets_placed.rpt
| Design       : top
| Device       : xc7a200t
---------------------------------------------------------------------------------------------------------------------------------------------

Control Set Information

Table of Contents
-----------------
1. Summary
2. Histogram
3. Flip-Flop Distribution
4. Detailed Control Set Information

1. Summary
----------

+----------------------------------------------------------+-------+
|                          Status                          | Count |
+----------------------------------------------------------+-------+
| Total control sets                                       |     5 |
|    Minimum number of control sets                        |     5 |
|    Addition due to synthesis replication                 |     0 |
|    Addition due to physical synthesis replication        |     0 |
| Unused register locations in slices containing registers |     6 |
+----------------------------------------------------------+-------+
* Control sets can be merged at opt_design using control_set_merge or merge_equivalent_drivers
** Run report_qor_suggestions for automated merging and remapping suggestions


2. Histogram
------------

+--------------------+-------+
|       Fanout       | Count |
+--------------------+-------+
| Total control sets |     5 |
| >= 0 to < 4        |     0 |
| >= 4 to < 6        |     1 |
| >= 6 to < 8        |     1 |
| >= 8 to < 10       |     0 |
| >= 10 to < 12      |     0 |
| >= 12 to < 14      |     0 |
| >= 14 to < 16      |     0 |
| >= 16              |     3 |
+--------------------+-------+
* Control sets can be remapped at either synth_design or opt_design


3. Flip-Flop Distribution
-------------------------

+--------------+-----------------------+------------------------+-----------------+--------------+
| Clock Enable | Synchronous Set/Reset | Asynchronous Set/Reset | Total Registers | Total Slices |
+--------------+-----------------------+------------------------+-----------------+--------------+
| No           | No                    | No                     |              39 |           10 |
| No           | No                    | Yes                    |               0 |            0 |
| No           | Yes                   | No                     |               5 |            1 |
| Yes          | No                    | No                     |              64 |           16 |
| Yes          | No                    | Yes                    |               0 |            0 |
| Yes          | Yes                   | No                     |               6 |            1 |
+--------------+-----------------------+------------------------+-----------------+--------------+


4. Detailed Control Set Information
-----------------------------------

+-------------------+--------------------------------------+-----------------------------------+------------------+----------------+--------------+
|    Clock Signal   |             Enable Signal            |          Set/Reset Signal         | Slice Load Count | Bel Load Count | Bels / Slice |
+-------------------+--------------------------------------+-----------------------------------+------------------+----------------+--------------+
|  clk100_IBUF_BUFG |                                      | dsd_mod_inst/osr_count[5]_i_2_n_0 |                1 |              5 |         5.00 |
|  clk100_IBUF_BUFG | dsd_mod_inst/osr_count[5]_i_2_n_0    | dsd_mod_inst/osr_count[5]_i_1_n_0 |                1 |              6 |         6.00 |
|  clk100_IBUF_BUFG | dsd_mod_inst/pcm_latched[23]_i_1_n_0 |                                   |                4 |             16 |         4.00 |
|  clk100_IBUF_BUFG |                                      |                                   |               10 |             39 |         3.90 |
|  clk100_IBUF_BUFG | dsd_mod_inst/osr_count[5]_i_2_n_0    |                                   |               12 |             48 |         4.00 |
+-------------------+--------------------------------------+-----------------------------------+------------------+----------------+--------------+


